****************************************
Report : timing
	-path_type full
	-delay_type max
	-slack_lesser_than 0.00
	-max_paths 20
	-sort_by slack
Design : decode
Version: V-2023.12-SP4
Date   : Fri Mar 13 16:50:47 2026
****************************************

No paths with slack less than 0.00.

1
****************************************
Report : timing
	-path_type full
	-delay_type max
	-slack_lesser_than 0.00
	-max_paths 20
	-sort_by slack
Design : decode
Version: V-2023.12-SP4
Date   : Fri Mar 13 16:50:47 2026
****************************************

No constrained paths.

1
****************************************
Report : timing
	-path_type full
	-delay_type max
	-slack_lesser_than 0.00
	-max_paths 20
	-sort_by slack
Design : decode
Version: V-2023.12-SP4
Date   : Fri Mar 13 16:50:47 2026
****************************************

No constrained paths.

1
****************************************
Report : timing
	-path_type full
	-delay_type max
	-max_paths 1
	-sort_by slack
Design : decode
Version: V-2023.12-SP4
Date   : Fri Mar 13 16:50:47 2026
****************************************


  Startpoint: u_regfile0/register_reg[1][31]
               (rising edge-triggered flip-flop clocked by clk)
  Endpoint: u_regfile0/register_reg[1][31]
               (rising edge-triggered flip-flop clocked by clk)
  Path Group: CLOCK
  Path Type: max

  Point                                                   Incr       Path
  ------------------------------------------------------------------------------
  clock clk (rise edge)                                   0.00       0.00
  clock network delay (ideal)                             1.50       1.50
  u_regfile0/register_reg[1][31]/CK (SAEDRVT14_FDPRBQ_V2_1)
                                                          0.00       1.50 r
  u_regfile0/register_reg[1][31]/Q (SAEDRVT14_FDPRBQ_V2_1)
                                                          0.11       1.61 r
  u_regfile0/U3108/X (SAEDRVT14_ND2_CDC_1)                0.04       1.65 f
  u_regfile0/U_PTECO_HOLD_BUF2141/X (SAEDRVT14_DEL_R2V3_2)
                                                          0.07       1.72 f
  u_regfile0/U_PTECO_HOLD_BUF941/X (SAEDRVT14_DEL_R2V3_2)
                                                          0.05       1.77 f
  u_regfile0/U_PTECO_HOLD_BUF4149/X (SAEDRVT14_BUF_ECO_1)
                                                          0.02       1.79 f
  u_regfile0/U_PTECO_HOLD_BUF3916/X (SAEDRVT14_BUF_ECO_1)
                                                          0.02       1.81 f
  u_regfile0/U3107/X (SAEDRVT14_OAI21_0P5)                0.04       1.85 r
  u_regfile0/U_PTECO_HOLD_BUF1130/X (SAEDRVT14_DEL_R2V3_2)
                                                          0.08       1.93 r
  u_regfile0/register_reg[1][31]/D (SAEDRVT14_FDPRBQ_V2_1)
                                                          0.00       1.93 r
  data arrival time                                                  1.93

  clock clk (rise edge)                                   5.00       5.00
  clock network delay (ideal)                             1.50       6.50
  clock reconvergence pessimism                           0.00       6.50
  clock uncertainty                                      -0.30       6.20
  u_regfile0/register_reg[1][31]/CK (SAEDRVT14_FDPRBQ_V2_1)          6.20 r
  library setup time                                     -0.02       6.18
  data required time                                                 6.18
  ------------------------------------------------------------------------------
  data required time                                                 6.18
  data arrival time                                                 -1.93
  ------------------------------------------------------------------------------
  slack (MET)                                                        4.25


1
****************************************
Report : timing
	-path_type full
	-delay_type min
	-max_paths 1
	-sort_by slack
Design : decode
Version: V-2023.12-SP4
Date   : Fri Mar 13 16:50:47 2026
****************************************


  Startpoint: u_regfile0/register_reg[14][8]
               (rising edge-triggered flip-flop clocked by clk)
  Endpoint: u_regfile0/register_reg[14][8]
               (rising edge-triggered flip-flop clocked by clk)
  Path Group: CLOCK
  Path Type: min

  Point                                                   Incr       Path
  ------------------------------------------------------------------------------
  clock clk (rise edge)                                   0.00       0.00
  clock network delay (ideal)                             1.50       1.50
  u_regfile0/register_reg[14][8]/CK (SAEDRVT14_FDPRBQ_V2_1)
                                                          0.00       1.50 r
  u_regfile0/register_reg[14][8]/Q (SAEDRVT14_FDPRBQ_V2_1)
                                                          0.10       1.60 f
  u_regfile0/U1640/X (SAEDRVT14_ND2_CDC_1)                0.04       1.65 r
  u_regfile0/U_PTECO_HOLD_BUF1182/X (SAEDRVT14_DEL_R2V3_2)
                                                          0.06       1.70 r
  u_regfile0/U_PTECO_HOLD_BUF4158/X (SAEDRVT14_BUF_ECO_1)
                                                          0.02       1.73 r
  u_regfile0/U1639/X (SAEDRVT14_OAI21_0P5)                0.03       1.76 f
  u_regfile0/U_PTECO_HOLD_BUF2184/X (SAEDRVT14_BUF_ECO_1)
                                                          0.03       1.78 f
  u_regfile0/U_PTECO_HOLD_BUF17/X (SAEDRVT14_DEL_R2V3_2)
                                                          0.05       1.83 f
  u_regfile0/U_PTECO_HOLD_BUF3000/X (SAEDRVT14_DEL_R2V3_2)
                                                          0.05       1.88 f
  u_regfile0/register_reg[14][8]/D (SAEDRVT14_FDPRBQ_V2_1)
                                                          0.00       1.88 f
  data arrival time                                                  1.88

  clock clk (rise edge)                                   0.00       0.00
  clock network delay (ideal)                             1.50       1.50
  clock reconvergence pessimism                           0.00       1.50
  clock uncertainty                                       0.30       1.80
  u_regfile0/register_reg[14][8]/CK (SAEDRVT14_FDPRBQ_V2_1)          1.80 r
  library hold time                                       0.02       1.82
  data required time                                                 1.82
  ------------------------------------------------------------------------------
  data required time                                                 1.82
  data arrival time                                                 -1.88
  ------------------------------------------------------------------------------
  slack (MET)                                                        0.06


1
